
> gulyaly@0.1.0 build
> next build

тЪа Warning: Next.js inferred your workspace root, but it may not be correct.
 We detected multiple lockfiles and selected the directory of C:\Users\miste\package-lock.json as the root directory.
 To silence this warning, set `turbopack.root` in your Next.js config, or consider removing one of the lockfiles if it's not needed.
   See https://nextjs.org/docs/app/api-reference/config/next-config-js/turbopack#root-directory for more information.
 Detected additional lockfiles: 
   * C:\Users\miste\Downloads\codeakgus\package-lock.json

тЦ▓ Next.js 16.1.1 (Turbopack)
- Environments: .env

  Creating an optimized production build ...
тЬУ Compiled successfully in 32.9s
  Running TypeScript ...
Failed to compile.

./app/api/webhooks/stripe/route.ts:70:9
Type error: Type '{ stripeSessionId: string; }' is not assignable to type 'OrderWhereUniqueInput'.
  Type '{ stripeSessionId: string; }' is not assignable to type '{ id: string; } & { id?: string | undefined; AND?: OrderWhereInput | OrderWhereInput[] | undefined; OR?: OrderWhereInput[] | undefined; ... 11 more ...; user?: (Without<...> & UserWhereInput) | ... 1 more ... | undefined; }'.
    Property 'id' is missing in type '{ stripeSessionId: string; }' but required in type '{ id: string; }'.

  68 |       // 6. Idempotency check - prevent duplicate order creation
  69 |       const existingOrder = await prisma.order.findUnique({
> 70 |         where: { stripeSessionId },
     |         ^
  71 |       });
  72 |
  73 |       if (existingOrder) {
Next.js build worker exited with code: 1 and signal: null
